mode: set
/home/savedra/Documentos/golang-course/tests/math/math.go:10.42,12.30 2 1
/home/savedra/Documentos/golang-course/tests/math/math.go:16.2,18.19 3 1
/home/savedra/Documentos/golang-course/tests/math/math.go:12.30,14.3 1 1
